// Jest Snapshot v1, https://goo.gl/fbAQLP

exports[`test experiences component verify snapshot for larger display 1`] = `
<DocumentFragment>
  <div
    class="MuiBox-root css-eeo3ga"
    id="experiences-section"
  >
    <h3
      class="MuiTypography-root MuiTypography-h3 MuiTypography-gutterBottom css-1oe6gg4-MuiTypography-root"
    >
      Experiences
    </h3>
    <div
      class="MuiPaper-root MuiPaper-outlined MuiPaper-rounded MuiCard-root css-1wqstqh-MuiPaper-root-MuiCard-root"
    >
      <div
        class="MuiCardContent-root css-46bh2p-MuiCardContent-root"
      >
        <div
          class="MuiBox-root css-out6mg"
        >
          <picture>
            <source
              srcset=""
              type="image/webp"
            />
            <source
              srcset="test-file-stub"
              type="image/jpeg"
            />
            <img
              alt="Freshworks Logo"
              src="test-file-stub"
              style="height: 40px;"
            />
          </picture>
          <div
            class="MuiBox-root css-0"
          >
            <h6
              class="MuiTypography-root MuiTypography-subtitle1 css-1wwkujw-MuiTypography-root"
            >
              Software Engineer
            </h6>
            <h6
              class="MuiTypography-root MuiTypography-subtitle2 css-37mko6-MuiTypography-root"
            >
              Bangalore, IN
            </h6>
          </div>
        </div>
        <hr
          class="MuiDivider-root MuiDivider-fullWidth css-ctpjxq-MuiDivider-root"
        />
        <p
          class="MuiTypography-root MuiTypography-body1 css-1oetjkv-MuiTypography-root"
        >
          Freshworks is a leading provider of modern SaaS solutions that solve multiple, complex business problems to companies of all sizes.
        </p>
        <h6
          class="MuiTypography-root MuiTypography-subtitle2 css-ati914-MuiTypography-root"
        >
          ACCOMPLISHMENTS
        </h6>
        <ul>
          <li
            style="text-align: justify;"
          >
            <p
              class="MuiTypography-root MuiTypography-body2 css-1ip9kmw-MuiTypography-root"
            >
              Working as a Full Stack Developer on the famous and growing product Freshdesk
            </p>
          </li>
          <li
            style="text-align: justify;"
          >
            <p
              class="MuiTypography-root MuiTypography-body2 css-1ip9kmw-MuiTypography-root"
            >
              Design, Developed and delivered Deep LInk feature
            </p>
          </li>
          <li
            style="text-align: justify;"
          >
            <p
              class="MuiTypography-root MuiTypography-body2 css-1ip9kmw-MuiTypography-root"
            >
              Redesigned timeline activities UI and synced with FreshChat and FreshCaller for Contact and Tickets
            </p>
          </li>
        </ul>
      </div>
      <hr
        class="MuiDivider-root MuiDivider-fullWidth css-9mgopn-MuiDivider-root"
      />
      <div
        class="MuiCardActions-root MuiCardActions-spacing css-1t6e9jv-MuiCardActions-root"
      >
        <button
          class="MuiButton-root MuiButton-text MuiButton-textPrimary MuiButton-sizeMedium MuiButton-textSizeMedium MuiButtonBase-root Mui-disabled  css-1e6y48t-MuiButtonBase-root-MuiButton-root"
          disabled=""
          tabindex="-1"
          type="button"
        >
          Feb 2022 - Present
        </button>
      </div>
    </div>
    <div
      class="MuiPaper-root MuiPaper-outlined MuiPaper-rounded MuiCard-root css-1wqstqh-MuiPaper-root-MuiCard-root"
    >
      <div
        class="MuiCardContent-root css-46bh2p-MuiCardContent-root"
      >
        <div
          class="MuiBox-root css-out6mg"
        >
          <picture>
            <source
              srcset="test-file-stub"
              type="image/webp"
            />
            <source
              srcset="test-file-stub"
              type="image/jpeg"
            />
            <img
              alt="Cognizant Logo"
              src="test-file-stub"
              style="height: 40px;"
            />
          </picture>
          <div
            class="MuiBox-root css-0"
          >
            <h6
              class="MuiTypography-root MuiTypography-subtitle1 css-1wwkujw-MuiTypography-root"
            >
              Full Stack Developer
            </h6>
            <h6
              class="MuiTypography-root MuiTypography-subtitle2 css-37mko6-MuiTypography-root"
            >
              Bangalore, IN
            </h6>
          </div>
        </div>
        <hr
          class="MuiDivider-root MuiDivider-fullWidth css-ctpjxq-MuiDivider-root"
        />
        <p
          class="MuiTypography-root MuiTypography-body1 css-1oetjkv-MuiTypography-root"
        >
          Cognizant is an American multinational information technology services and consulting company.
        </p>
        <h6
          class="MuiTypography-root MuiTypography-subtitle2 css-ati914-MuiTypography-root"
        >
          ACCOMPLISHMENTS
        </h6>
        <ul>
          <li
            style="text-align: justify;"
          >
            <p
              class="MuiTypography-root MuiTypography-body2 css-1ip9kmw-MuiTypography-root"
            >
              Build project from scratch using Angular and Spring Boot and delivered successfully to client with almost no defects handling thousand of users.
            </p>
          </li>
          <li
            style="text-align: justify;"
          >
            <p
              class="MuiTypography-root MuiTypography-body2 css-1ip9kmw-MuiTypography-root"
            >
              Created Test Completion Report Automation project using Angular, Java and Python to generate well formatted TCR reports for different projects within a minutes using Apache POI Lib
            </p>
          </li>
          <li
            style="text-align: justify;"
          >
            <p
              class="MuiTypography-root MuiTypography-body2 css-1ip9kmw-MuiTypography-root"
            >
              Solved business critical problems for clients using latest technologies.
            </p>
          </li>
        </ul>
      </div>
      <hr
        class="MuiDivider-root MuiDivider-fullWidth css-9mgopn-MuiDivider-root"
      />
      <div
        class="MuiCardActions-root MuiCardActions-spacing css-1t6e9jv-MuiCardActions-root"
      >
        <button
          class="MuiButton-root MuiButton-text MuiButton-textPrimary MuiButton-sizeMedium MuiButton-textSizeMedium MuiButtonBase-root Mui-disabled  css-1e6y48t-MuiButtonBase-root-MuiButton-root"
          disabled=""
          tabindex="-1"
          type="button"
        >
          Oct 2019 - Feb 2022
        </button>
      </div>
    </div>
    <div
      class="MuiPaper-root MuiPaper-outlined MuiPaper-rounded MuiCard-root css-1wqstqh-MuiPaper-root-MuiCard-root"
    >
      <div
        class="MuiCardContent-root css-46bh2p-MuiCardContent-root"
      >
        <div
          class="MuiBox-root css-out6mg"
        >
          <picture>
            <source
              srcset="test-file-stub"
              type="image/webp"
            />
            <source
              srcset="test-file-stub"
              type="image/jpeg"
            />
            <img
              alt="LinuxWorld Informatics Pvt. Ltd. Logo"
              src="test-file-stub"
              style="height: 40px;"
            />
          </picture>
          <div
            class="MuiBox-root css-0"
          >
            <h6
              class="MuiTypography-root MuiTypography-subtitle1 css-1wwkujw-MuiTypography-root"
            >
              Internship Trainee
            </h6>
            <h6
              class="MuiTypography-root MuiTypography-subtitle2 css-37mko6-MuiTypography-root"
            >
              Jaipur, IN
            </h6>
          </div>
        </div>
        <hr
          class="MuiDivider-root MuiDivider-fullWidth css-ctpjxq-MuiDivider-root"
        />
        <p
          class="MuiTypography-root MuiTypography-body1 css-1oetjkv-MuiTypography-root"
        >
          Linux World India is a leading name among the training institutes of India. The institute is active in the field of training from several years and has produced a number of professionals.
        </p>
        <h6
          class="MuiTypography-root MuiTypography-subtitle2 css-ati914-MuiTypography-root"
        >
          ACCOMPLISHMENTS
        </h6>
        <ul>
          <li
            style="text-align: justify;"
          >
            <p
              class="MuiTypography-root MuiTypography-body2 css-1ip9kmw-MuiTypography-root"
            >
              Done Industry 4.0 training by building Smarter World project.
            </p>
          </li>
          <li
            style="text-align: justify;"
          >
            <p
              class="MuiTypography-root MuiTypography-body2 css-1ip9kmw-MuiTypography-root"
            >
              Worked on AI, ML/DL with IoT using realtime data processing with Spark, BigData - Hadoop Framework running app on Kubernetes Clusters.
            </p>
          </li>
        </ul>
      </div>
      <hr
        class="MuiDivider-root MuiDivider-fullWidth css-9mgopn-MuiDivider-root"
      />
      <div
        class="MuiCardActions-root MuiCardActions-spacing css-1t6e9jv-MuiCardActions-root"
      >
        <button
          class="MuiButton-root MuiButton-text MuiButton-textPrimary MuiButton-sizeMedium MuiButton-textSizeMedium MuiButtonBase-root Mui-disabled  css-1e6y48t-MuiButtonBase-root-MuiButton-root"
          disabled=""
          tabindex="-1"
          type="button"
        >
          May 2019 - Jun 2019
        </button>
      </div>
    </div>
    <div
      class="MuiPaper-root MuiPaper-outlined MuiPaper-rounded MuiCard-root css-1wqstqh-MuiPaper-root-MuiCard-root"
    >
      <div
        class="MuiCardContent-root css-46bh2p-MuiCardContent-root"
      >
        <div
          class="MuiBox-root css-out6mg"
        >
          <picture>
            <source
              srcset="test-file-stub"
              type="image/webp"
            />
            <source
              srcset="test-file-stub"
              type="image/jpeg"
            />
            <img
              alt="Dotsquares Logo"
              src="test-file-stub"
              style="height: 40px;"
            />
          </picture>
          <div
            class="MuiBox-root css-0"
          >
            <h6
              class="MuiTypography-root MuiTypography-subtitle1 css-1wwkujw-MuiTypography-root"
            >
              Salesforce Intern
            </h6>
            <h6
              class="MuiTypography-root MuiTypography-subtitle2 css-37mko6-MuiTypography-root"
            >
              Jaipur, IN
            </h6>
          </div>
        </div>
        <hr
          class="MuiDivider-root MuiDivider-fullWidth css-ctpjxq-MuiDivider-root"
        />
        <p
          class="MuiTypography-root MuiTypography-body1 css-1oetjkv-MuiTypography-root"
        >
          Dotsquares is an award winning offshore website design, mobile apps development and digital outsourcing agency based in East Sussex. Upscale your Bandwidth!
        </p>
        <h6
          class="MuiTypography-root MuiTypography-subtitle2 css-ati914-MuiTypography-root"
        >
          ACCOMPLISHMENTS
        </h6>
        <ul>
          <li
            style="text-align: justify;"
          >
            <p
              class="MuiTypography-root MuiTypography-body2 css-1ip9kmw-MuiTypography-root"
            >
              Worked on Force.com platform to build Recruiting App using HTML, CSS, DataLoader, Java etc.
            </p>
          </li>
          <li
            style="text-align: justify;"
          >
            <p
              class="MuiTypography-root MuiTypography-body2 css-1ip9kmw-MuiTypography-root"
            >
              It reduced the paper work for both candidates and recruiters
            </p>
          </li>
        </ul>
      </div>
      <hr
        class="MuiDivider-root MuiDivider-fullWidth css-9mgopn-MuiDivider-root"
      />
      <div
        class="MuiCardActions-root MuiCardActions-spacing css-1t6e9jv-MuiCardActions-root"
      >
        <button
          class="MuiButton-root MuiButton-text MuiButton-textPrimary MuiButton-sizeMedium MuiButton-textSizeMedium MuiButtonBase-root Mui-disabled  css-1e6y48t-MuiButtonBase-root-MuiButton-root"
          disabled=""
          tabindex="-1"
          type="button"
        >
          May 2018 - Jul 2018
        </button>
      </div>
    </div>
  </div>
</DocumentFragment>
`;

exports[`test experiences component verify snapshot for tablet or lesser size display 1`] = `
<DocumentFragment>
  <div
    class="MuiBox-root css-eeo3ga"
    id="experiences-section"
  >
    <h3
      class="MuiTypography-root MuiTypography-h3 MuiTypography-gutterBottom css-1oe6gg4-MuiTypography-root"
    >
      Experiences
    </h3>
    <div
      class="MuiPaper-root MuiPaper-outlined MuiPaper-rounded MuiCard-root css-1wqstqh-MuiPaper-root-MuiCard-root"
    >
      <div
        class="MuiCardContent-root css-46bh2p-MuiCardContent-root"
      >
        <div
          class="MuiBox-root css-out6mg"
        >
          <picture>
            <source
              srcset=""
              type="image/webp"
            />
            <source
              srcset="test-file-stub"
              type="image/jpeg"
            />
            <img
              alt="Freshworks Logo"
              src="test-file-stub"
              style="height: 40px;"
            />
          </picture>
          <div
            class="MuiBox-root css-0"
          >
            <h6
              class="MuiTypography-root MuiTypography-subtitle1 css-1wwkujw-MuiTypography-root"
            >
              Software Engineer
            </h6>
            <h6
              class="MuiTypography-root MuiTypography-subtitle2 css-37mko6-MuiTypography-root"
            >
              Bangalore, IN
            </h6>
          </div>
        </div>
        <hr
          class="MuiDivider-root MuiDivider-fullWidth css-ctpjxq-MuiDivider-root"
        />
        <p
          class="MuiTypography-root MuiTypography-body1 css-1oetjkv-MuiTypography-root"
        >
          Freshworks is a leading provider of modern SaaS solutions that solve multiple, complex business problems to companies of all sizes.
        </p>
        <h6
          class="MuiTypography-root MuiTypography-subtitle2 css-ati914-MuiTypography-root"
        >
          ACCOMPLISHMENTS
        </h6>
        <ul>
          <li
            style="text-align: justify;"
          >
            <p
              class="MuiTypography-root MuiTypography-body2 css-1ip9kmw-MuiTypography-root"
            >
              Working as a Full Stack Developer on the famous and growing product Freshdesk
            </p>
          </li>
          <li
            style="text-align: justify;"
          >
            <p
              class="MuiTypography-root MuiTypography-body2 css-1ip9kmw-MuiTypography-root"
            >
              Design, Developed and delivered Deep LInk feature
            </p>
          </li>
          <li
            style="text-align: justify;"
          >
            <p
              class="MuiTypography-root MuiTypography-body2 css-1ip9kmw-MuiTypography-root"
            >
              Redesigned timeline activities UI and synced with FreshChat and FreshCaller for Contact and Tickets
            </p>
          </li>
        </ul>
      </div>
      <hr
        class="MuiDivider-root MuiDivider-fullWidth css-9mgopn-MuiDivider-root"
      />
      <div
        class="MuiCardActions-root MuiCardActions-spacing css-1t6e9jv-MuiCardActions-root"
      >
        <button
          class="MuiButton-root MuiButton-text MuiButton-textPrimary MuiButton-sizeMedium MuiButton-textSizeMedium MuiButtonBase-root Mui-disabled  css-1e6y48t-MuiButtonBase-root-MuiButton-root"
          disabled=""
          tabindex="-1"
          type="button"
        >
          Feb 2022 - Present
        </button>
      </div>
    </div>
    <div
      class="MuiPaper-root MuiPaper-outlined MuiPaper-rounded MuiCard-root css-1wqstqh-MuiPaper-root-MuiCard-root"
    >
      <div
        class="MuiCardContent-root css-46bh2p-MuiCardContent-root"
      >
        <div
          class="MuiBox-root css-out6mg"
        >
          <picture>
            <source
              srcset="test-file-stub"
              type="image/webp"
            />
            <source
              srcset="test-file-stub"
              type="image/jpeg"
            />
            <img
              alt="Cognizant Logo"
              src="test-file-stub"
              style="height: 40px;"
            />
          </picture>
          <div
            class="MuiBox-root css-0"
          >
            <h6
              class="MuiTypography-root MuiTypography-subtitle1 css-1wwkujw-MuiTypography-root"
            >
              Full Stack Developer
            </h6>
            <h6
              class="MuiTypography-root MuiTypography-subtitle2 css-37mko6-MuiTypography-root"
            >
              Bangalore, IN
            </h6>
          </div>
        </div>
        <hr
          class="MuiDivider-root MuiDivider-fullWidth css-ctpjxq-MuiDivider-root"
        />
        <p
          class="MuiTypography-root MuiTypography-body1 css-1oetjkv-MuiTypography-root"
        >
          Cognizant is an American multinational information technology services and consulting company.
        </p>
        <h6
          class="MuiTypography-root MuiTypography-subtitle2 css-ati914-MuiTypography-root"
        >
          ACCOMPLISHMENTS
        </h6>
        <ul>
          <li
            style="text-align: justify;"
          >
            <p
              class="MuiTypography-root MuiTypography-body2 css-1ip9kmw-MuiTypography-root"
            >
              Build project from scratch using Angular and Spring Boot and delivered successfully to client with almost no defects handling thousand of users.
            </p>
          </li>
          <li
            style="text-align: justify;"
          >
            <p
              class="MuiTypography-root MuiTypography-body2 css-1ip9kmw-MuiTypography-root"
            >
              Created Test Completion Report Automation project using Angular, Java and Python to generate well formatted TCR reports for different projects within a minutes using Apache POI Lib
            </p>
          </li>
          <li
            style="text-align: justify;"
          >
            <p
              class="MuiTypography-root MuiTypography-body2 css-1ip9kmw-MuiTypography-root"
            >
              Solved business critical problems for clients using latest technologies.
            </p>
          </li>
        </ul>
      </div>
      <hr
        class="MuiDivider-root MuiDivider-fullWidth css-9mgopn-MuiDivider-root"
      />
      <div
        class="MuiCardActions-root MuiCardActions-spacing css-1t6e9jv-MuiCardActions-root"
      >
        <button
          class="MuiButton-root MuiButton-text MuiButton-textPrimary MuiButton-sizeMedium MuiButton-textSizeMedium MuiButtonBase-root Mui-disabled  css-1e6y48t-MuiButtonBase-root-MuiButton-root"
          disabled=""
          tabindex="-1"
          type="button"
        >
          Oct 2019 - Feb 2022
        </button>
      </div>
    </div>
    <div
      class="MuiPaper-root MuiPaper-outlined MuiPaper-rounded MuiCard-root css-1wqstqh-MuiPaper-root-MuiCard-root"
    >
      <div
        class="MuiCardContent-root css-46bh2p-MuiCardContent-root"
      >
        <div
          class="MuiBox-root css-out6mg"
        >
          <picture>
            <source
              srcset="test-file-stub"
              type="image/webp"
            />
            <source
              srcset="test-file-stub"
              type="image/jpeg"
            />
            <img
              alt="LinuxWorld Informatics Pvt. Ltd. Logo"
              src="test-file-stub"
              style="height: 40px;"
            />
          </picture>
          <div
            class="MuiBox-root css-0"
          >
            <h6
              class="MuiTypography-root MuiTypography-subtitle1 css-1wwkujw-MuiTypography-root"
            >
              Internship Trainee
            </h6>
            <h6
              class="MuiTypography-root MuiTypography-subtitle2 css-37mko6-MuiTypography-root"
            >
              Jaipur, IN
            </h6>
          </div>
        </div>
        <hr
          class="MuiDivider-root MuiDivider-fullWidth css-ctpjxq-MuiDivider-root"
        />
        <p
          class="MuiTypography-root MuiTypography-body1 css-1oetjkv-MuiTypography-root"
        >
          Linux World India is a leading name among the training institutes of India. The institute is active in the field of training from several years and has produced a number of professionals.
        </p>
        <h6
          class="MuiTypography-root MuiTypography-subtitle2 css-ati914-MuiTypography-root"
        >
          ACCOMPLISHMENTS
        </h6>
        <ul>
          <li
            style="text-align: justify;"
          >
            <p
              class="MuiTypography-root MuiTypography-body2 css-1ip9kmw-MuiTypography-root"
            >
              Done Industry 4.0 training by building Smarter World project.
            </p>
          </li>
          <li
            style="text-align: justify;"
          >
            <p
              class="MuiTypography-root MuiTypography-body2 css-1ip9kmw-MuiTypography-root"
            >
              Worked on AI, ML/DL with IoT using realtime data processing with Spark, BigData - Hadoop Framework running app on Kubernetes Clusters.
            </p>
          </li>
        </ul>
      </div>
      <hr
        class="MuiDivider-root MuiDivider-fullWidth css-9mgopn-MuiDivider-root"
      />
      <div
        class="MuiCardActions-root MuiCardActions-spacing css-1t6e9jv-MuiCardActions-root"
      >
        <button
          class="MuiButton-root MuiButton-text MuiButton-textPrimary MuiButton-sizeMedium MuiButton-textSizeMedium MuiButtonBase-root Mui-disabled  css-1e6y48t-MuiButtonBase-root-MuiButton-root"
          disabled=""
          tabindex="-1"
          type="button"
        >
          May 2019 - Jun 2019
        </button>
      </div>
    </div>
    <div
      class="MuiPaper-root MuiPaper-outlined MuiPaper-rounded MuiCard-root css-1wqstqh-MuiPaper-root-MuiCard-root"
    >
      <div
        class="MuiCardContent-root css-46bh2p-MuiCardContent-root"
      >
        <div
          class="MuiBox-root css-out6mg"
        >
          <picture>
            <source
              srcset="test-file-stub"
              type="image/webp"
            />
            <source
              srcset="test-file-stub"
              type="image/jpeg"
            />
            <img
              alt="Dotsquares Logo"
              src="test-file-stub"
              style="height: 40px;"
            />
          </picture>
          <div
            class="MuiBox-root css-0"
          >
            <h6
              class="MuiTypography-root MuiTypography-subtitle1 css-1wwkujw-MuiTypography-root"
            >
              Salesforce Intern
            </h6>
            <h6
              class="MuiTypography-root MuiTypography-subtitle2 css-37mko6-MuiTypography-root"
            >
              Jaipur, IN
            </h6>
          </div>
        </div>
        <hr
          class="MuiDivider-root MuiDivider-fullWidth css-ctpjxq-MuiDivider-root"
        />
        <p
          class="MuiTypography-root MuiTypography-body1 css-1oetjkv-MuiTypography-root"
        >
          Dotsquares is an award winning offshore website design, mobile apps development and digital outsourcing agency based in East Sussex. Upscale your Bandwidth!
        </p>
        <h6
          class="MuiTypography-root MuiTypography-subtitle2 css-ati914-MuiTypography-root"
        >
          ACCOMPLISHMENTS
        </h6>
        <ul>
          <li
            style="text-align: justify;"
          >
            <p
              class="MuiTypography-root MuiTypography-body2 css-1ip9kmw-MuiTypography-root"
            >
              Worked on Force.com platform to build Recruiting App using HTML, CSS, DataLoader, Java etc.
            </p>
          </li>
          <li
            style="text-align: justify;"
          >
            <p
              class="MuiTypography-root MuiTypography-body2 css-1ip9kmw-MuiTypography-root"
            >
              It reduced the paper work for both candidates and recruiters
            </p>
          </li>
        </ul>
      </div>
      <hr
        class="MuiDivider-root MuiDivider-fullWidth css-9mgopn-MuiDivider-root"
      />
      <div
        class="MuiCardActions-root MuiCardActions-spacing css-1t6e9jv-MuiCardActions-root"
      >
        <button
          class="MuiButton-root MuiButton-text MuiButton-textPrimary MuiButton-sizeMedium MuiButton-textSizeMedium MuiButtonBase-root Mui-disabled  css-1e6y48t-MuiButtonBase-root-MuiButton-root"
          disabled=""
          tabindex="-1"
          type="button"
        >
          May 2018 - Jul 2018
        </button>
      </div>
    </div>
  </div>
</DocumentFragment>
`;
