// Jest Snapshot v1, https://goo.gl/fbAQLP

exports[`Projects verify snapshot for projects 1`] = `
<DocumentFragment>
  .c0 {
  height: 60px;
  text-overflow: ellipsis;
  overflow: hidden;
  display: -webkit-box !important;
  -webkit-line-clamp: 3;
  -webkit-box-orient: vertical;
  white-space: normal;
}

<div
    class="MuiBox-root css-eeo3ga"
    id="projects-section"
  >
    <h3
      class="MuiTypography-root MuiTypography-h3 MuiTypography-gutterBottom css-1oe6gg4-MuiTypography-root"
    >
      Projects
    </h3>
    <div
      class="MuiGrid-root MuiGrid-container MuiGrid-spacing-xs-2 css-6s1xft-MuiGrid-root"
    >
      <div
        class="MuiGrid-root MuiGrid-item MuiGrid-grid-sm-12 MuiGrid-grid-md-6 MuiGrid-grid-lg-4 css-hhotpj-MuiGrid-root"
      >
        <div
          class="MuiPaper-root MuiPaper-outlined MuiPaper-rounded MuiCard-root css-1v5z4dq-MuiPaper-root-MuiCard-root"
          data-testid="project-card"
        >
          <picture>
            <source
              srcset="test-file-stub"
              type="image/webp"
            />
            <source
              srcset="test-file-stub"
              type="image/jpeg"
            />
            <img
              alt="Paisa Vasool screenshot"
              src="test-file-stub"
              style="display: block; width: 100%; height: 140px; object-fit: cover;"
            />
          </picture>
          <div
            class="MuiCardContent-root css-46bh2p-MuiCardContent-root"
          >
            <div
              class="MuiTypography-root MuiTypography-h5 MuiTypography-gutterBottom css-14szp5y-MuiTypography-root"
              data-testid="project-title"
            >
              Paisa Vasool
            </div>
            <p
              class="MuiTypography-root MuiTypography-body2 c0 css-b3lvtk-MuiTypography-root"
            >
              It's a expense management and tracker app which also let you split the expenses among your friends and groups.
            </p>
          </div>
          <div
            class="MuiCardActions-root MuiCardActions-spacing css-1t6e9jv-MuiCardActions-root"
          >
            <button
              class="MuiButton-root MuiButton-text MuiButton-textPrimary MuiButton-sizeSmall MuiButton-textSizeSmall MuiButtonBase-root  css-1knaqv7-MuiButtonBase-root-MuiButton-root"
              tabindex="0"
              type="button"
            >
              Learn More
              <span
                class="MuiTouchRipple-root css-8je8zh-MuiTouchRipple-root"
              />
            </button>
          </div>
        </div>
      </div>
      <div
        class="MuiGrid-root MuiGrid-item MuiGrid-grid-sm-12 MuiGrid-grid-md-6 MuiGrid-grid-lg-4 css-hhotpj-MuiGrid-root"
      >
        <div
          class="MuiPaper-root MuiPaper-outlined MuiPaper-rounded MuiCard-root css-1v5z4dq-MuiPaper-root-MuiCard-root"
          data-testid="project-card"
        >
          <picture>
            <source
              srcset="test-file-stub"
              type="image/webp"
            />
            <source
              srcset="test-file-stub"
              type="image/jpeg"
            />
            <img
              alt="U-Move: Bike Rental App screenshot"
              src="test-file-stub"
              style="display: block; width: 100%; height: 140px; object-fit: cover;"
            />
          </picture>
          <div
            class="MuiCardContent-root css-46bh2p-MuiCardContent-root"
          >
            <div
              class="MuiTypography-root MuiTypography-h5 MuiTypography-gutterBottom css-14szp5y-MuiTypography-root"
              data-testid="project-title"
            >
              U-Move: Bike Rental App
            </div>
            <p
              class="MuiTypography-root MuiTypography-body2 c0 css-b3lvtk-MuiTypography-root"
            >
              A Bike Rental Project with Angular 8 Admin portal, Ionic 4 App for android & iOS with spring boot for backend.
            </p>
          </div>
          <div
            class="MuiCardActions-root MuiCardActions-spacing css-1t6e9jv-MuiCardActions-root"
          >
            <button
              class="MuiButton-root MuiButton-text MuiButton-textPrimary MuiButton-sizeSmall MuiButton-textSizeSmall MuiButtonBase-root  css-1knaqv7-MuiButtonBase-root-MuiButton-root"
              tabindex="0"
              type="button"
            >
              Learn More
              <span
                class="MuiTouchRipple-root css-8je8zh-MuiTouchRipple-root"
              />
            </button>
          </div>
        </div>
      </div>
      <div
        class="MuiGrid-root MuiGrid-item MuiGrid-grid-sm-12 MuiGrid-grid-md-6 MuiGrid-grid-lg-4 css-hhotpj-MuiGrid-root"
      >
        <div
          class="MuiPaper-root MuiPaper-outlined MuiPaper-rounded MuiCard-root css-1v5z4dq-MuiPaper-root-MuiCard-root"
          data-testid="project-card"
        >
          <picture>
            <source
              srcset="test-file-stub"
              type="image/webp"
            />
            <source
              srcset="test-file-stub"
              type="image/jpeg"
            />
            <img
              alt="Smart Queuing System screenshot"
              src="test-file-stub"
              style="display: block; width: 100%; height: 140px; object-fit: cover;"
            />
          </picture>
          <div
            class="MuiCardContent-root css-46bh2p-MuiCardContent-root"
          >
            <div
              class="MuiTypography-root MuiTypography-h5 MuiTypography-gutterBottom css-14szp5y-MuiTypography-root"
              data-testid="project-title"
            >
              Smart Queuing System
            </div>
            <p
              class="MuiTypography-root MuiTypography-body2 c0 css-b3lvtk-MuiTypography-root"
            >
              This is used to detect the people in queue to smartly manage the queue at various places in our day to day life.
            </p>
          </div>
          <div
            class="MuiCardActions-root MuiCardActions-spacing css-1t6e9jv-MuiCardActions-root"
          >
            <button
              class="MuiButton-root MuiButton-text MuiButton-textPrimary MuiButton-sizeSmall MuiButton-textSizeSmall MuiButtonBase-root  css-1knaqv7-MuiButtonBase-root-MuiButton-root"
              tabindex="0"
              type="button"
            >
              Learn More
              <span
                class="MuiTouchRipple-root css-8je8zh-MuiTouchRipple-root"
              />
            </button>
          </div>
        </div>
      </div>
      <div
        class="MuiGrid-root MuiGrid-item MuiGrid-grid-sm-12 MuiGrid-grid-md-6 MuiGrid-grid-lg-4 css-hhotpj-MuiGrid-root"
      >
        <div
          class="MuiPaper-root MuiPaper-outlined MuiPaper-rounded MuiCard-root css-1v5z4dq-MuiPaper-root-MuiCard-root"
          data-testid="project-card"
        >
          <picture>
            <source
              srcset="test-file-stub"
              type="image/webp"
            />
            <source
              srcset="test-file-stub"
              type="image/jpeg"
            />
            <img
              alt="People Counter App screenshot"
              src="test-file-stub"
              style="display: block; width: 100%; height: 140px; object-fit: cover;"
            />
          </picture>
          <div
            class="MuiCardContent-root css-46bh2p-MuiCardContent-root"
          >
            <div
              class="MuiTypography-root MuiTypography-h5 MuiTypography-gutterBottom css-14szp5y-MuiTypography-root"
              data-testid="project-title"
            >
              People Counter App
            </div>
            <p
              class="MuiTypography-root MuiTypography-body2 c0 css-b3lvtk-MuiTypography-root"
            >
              The app will detect people in a designated area, providing the number of people in the frame, the average duration of people spend and total count.
            </p>
          </div>
          <div
            class="MuiCardActions-root MuiCardActions-spacing css-1t6e9jv-MuiCardActions-root"
          >
            <button
              class="MuiButton-root MuiButton-text MuiButton-textPrimary MuiButton-sizeSmall MuiButton-textSizeSmall MuiButtonBase-root  css-1knaqv7-MuiButtonBase-root-MuiButton-root"
              tabindex="0"
              type="button"
            >
              Learn More
              <span
                class="MuiTouchRipple-root css-8je8zh-MuiTouchRipple-root"
              />
            </button>
          </div>
        </div>
      </div>
      <div
        class="MuiGrid-root MuiGrid-item MuiGrid-grid-sm-12 MuiGrid-grid-md-6 MuiGrid-grid-lg-4 css-hhotpj-MuiGrid-root"
      >
        <div
          class="MuiPaper-root MuiPaper-outlined MuiPaper-rounded MuiCard-root css-1v5z4dq-MuiPaper-root-MuiCard-root"
          data-testid="project-card"
        >
          <picture>
            <source
              srcset="test-file-stub"
              type="image/webp"
            />
            <source
              srcset="test-file-stub"
              type="image/jpeg"
            />
            <img
              alt="Status Downloader for WhatsApp screenshot"
              src="test-file-stub"
              style="display: block; width: 100%; height: 140px; object-fit: cover;"
            />
          </picture>
          <div
            class="MuiCardContent-root css-46bh2p-MuiCardContent-root"
          >
            <div
              class="MuiTypography-root MuiTypography-h5 MuiTypography-gutterBottom css-14szp5y-MuiTypography-root"
              data-testid="project-title"
            >
              Status Downloader for WhatsApp
            </div>
            <p
              class="MuiTypography-root MuiTypography-body2 c0 css-b3lvtk-MuiTypography-root"
            >
              This is a android application to download and share WhatsApp status into your.
            </p>
          </div>
          <div
            class="MuiCardActions-root MuiCardActions-spacing css-1t6e9jv-MuiCardActions-root"
          >
            <button
              class="MuiButton-root MuiButton-text MuiButton-textPrimary MuiButton-sizeSmall MuiButton-textSizeSmall MuiButtonBase-root  css-1knaqv7-MuiButtonBase-root-MuiButton-root"
              tabindex="0"
              type="button"
            >
              Learn More
              <span
                class="MuiTouchRipple-root css-8je8zh-MuiTouchRipple-root"
              />
            </button>
          </div>
        </div>
      </div>
      <div
        class="MuiGrid-root MuiGrid-item MuiGrid-grid-sm-12 MuiGrid-grid-md-6 MuiGrid-grid-lg-4 css-hhotpj-MuiGrid-root"
      >
        <div
          class="MuiPaper-root MuiPaper-outlined MuiPaper-rounded MuiCard-root css-1v5z4dq-MuiPaper-root-MuiCard-root"
          data-testid="project-card"
        >
          <picture>
            <source
              srcset="test-file-stub"
              type="image/webp"
            />
            <source
              srcset="test-file-stub"
              type="image/jpeg"
            />
            <img
              alt="DP & Videos Downloader screenshot"
              src="test-file-stub"
              style="display: block; width: 100%; height: 140px; object-fit: cover;"
            />
          </picture>
          <div
            class="MuiCardContent-root css-46bh2p-MuiCardContent-root"
          >
            <div
              class="MuiTypography-root MuiTypography-h5 MuiTypography-gutterBottom css-14szp5y-MuiTypography-root"
              data-testid="project-title"
            >
              DP & Videos Downloader
            </div>
            <p
              class="MuiTypography-root MuiTypography-body2 c0 css-b3lvtk-MuiTypography-root"
            >
              View & Download Instagram Profile Picture & Videos in full & HD Resolution and Zoom Picture with The DP & Videos Downloader app.
            </p>
          </div>
          <div
            class="MuiCardActions-root MuiCardActions-spacing css-1t6e9jv-MuiCardActions-root"
          >
            <button
              class="MuiButton-root MuiButton-text MuiButton-textPrimary MuiButton-sizeSmall MuiButton-textSizeSmall MuiButtonBase-root  css-1knaqv7-MuiButtonBase-root-MuiButton-root"
              tabindex="0"
              type="button"
            >
              Learn More
              <span
                class="MuiTouchRipple-root css-8je8zh-MuiTouchRipple-root"
              />
            </button>
          </div>
        </div>
      </div>
      <div
        class="MuiGrid-root MuiGrid-item MuiGrid-grid-sm-12 MuiGrid-grid-md-6 MuiGrid-grid-lg-4 css-hhotpj-MuiGrid-root"
      >
        <div
          class="MuiPaper-root MuiPaper-outlined MuiPaper-rounded MuiCard-root css-1v5z4dq-MuiPaper-root-MuiCard-root"
          data-testid="project-card"
        >
          <picture>
            <source
              srcset="test-file-stub"
              type="image/webp"
            />
            <source
              srcset="test-file-stub"
              type="image/jpeg"
            />
            <img
              alt="Red Basket - Groceries Shopping App screenshot"
              src="test-file-stub"
              style="display: block; width: 100%; height: 140px; object-fit: cover;"
            />
          </picture>
          <div
            class="MuiCardContent-root css-46bh2p-MuiCardContent-root"
          >
            <div
              class="MuiTypography-root MuiTypography-h5 MuiTypography-gutterBottom css-14szp5y-MuiTypography-root"
              data-testid="project-title"
            >
              Red Basket - Groceries Shopping App
            </div>
            <p
              class="MuiTypography-root MuiTypography-body2 c0 css-b3lvtk-MuiTypography-root"
            >
              This is a clone of Big Basket App.
            </p>
          </div>
          <div
            class="MuiCardActions-root MuiCardActions-spacing css-1t6e9jv-MuiCardActions-root"
          >
            <button
              class="MuiButton-root MuiButton-text MuiButton-textPrimary MuiButton-sizeSmall MuiButton-textSizeSmall MuiButtonBase-root  css-1knaqv7-MuiButtonBase-root-MuiButton-root"
              tabindex="0"
              type="button"
            >
              Learn More
              <span
                class="MuiTouchRipple-root css-8je8zh-MuiTouchRipple-root"
              />
            </button>
          </div>
        </div>
      </div>
      <div
        class="MuiGrid-root MuiGrid-item MuiGrid-grid-sm-12 MuiGrid-grid-md-6 MuiGrid-grid-lg-4 css-hhotpj-MuiGrid-root"
      >
        <div
          class="MuiPaper-root MuiPaper-outlined MuiPaper-rounded MuiCard-root css-1v5z4dq-MuiPaper-root-MuiCard-root"
          data-testid="project-card"
        >
          <picture>
            <source
              srcset="test-file-stub"
              type="image/webp"
            />
            <source
              srcset="test-file-stub"
              type="image/jpeg"
            />
            <img
              alt="Fuel Trades screenshot"
              src="test-file-stub"
              style="display: block; width: 100%; height: 140px; object-fit: cover;"
            />
          </picture>
          <div
            class="MuiCardContent-root css-46bh2p-MuiCardContent-root"
          >
            <div
              class="MuiTypography-root MuiTypography-h5 MuiTypography-gutterBottom css-14szp5y-MuiTypography-root"
              data-testid="project-title"
            >
              Fuel Trades
            </div>
            <p
              class="MuiTypography-root MuiTypography-body2 c0 css-b3lvtk-MuiTypography-root"
            >
              An android app to calculate fuel prices, toll prices and trip price for one way and round trip.
            </p>
          </div>
          <div
            class="MuiCardActions-root MuiCardActions-spacing css-1t6e9jv-MuiCardActions-root"
          >
            <button
              class="MuiButton-root MuiButton-text MuiButton-textPrimary MuiButton-sizeSmall MuiButton-textSizeSmall MuiButtonBase-root  css-1knaqv7-MuiButtonBase-root-MuiButton-root"
              tabindex="0"
              type="button"
            >
              Learn More
              <span
                class="MuiTouchRipple-root css-8je8zh-MuiTouchRipple-root"
              />
            </button>
          </div>
        </div>
      </div>
    </div>
  </div>
</DocumentFragment>
`;
